
> dialer@0.1.0 build
> prisma generate && next build --webpack

◇ injected env (0) from .env
Loaded Prisma config from prisma.config.ts.

Prisma schema loaded from prisma/schema.prisma.

✔ Generated Prisma Client (7.10.0) to ./src/generated/prisma in 203ms

▲ Next.js 16.3.6 (webpack)
- Environments: .env.local, .env
✓ Running next.config.ts took 797ms

  Creating an optimized production build ...
✓ Compiled successfully in 3.7s
  Running TypeScript ...
  Finished TypeScript in 5.8s ...
  Collecting page data using 7 workers ...
  Generating static pages using 7 workers (0/5) ...
  Generating static pages using 7 workers (1/5) 
  Generating static pages using 7 workers (2/5) 
  Generating static pages using 7 workers (3/5) 
✓ Generating static pages using 7 workers (5/5) in 587ms
  Finalizing page optimization ...
  Collecting build traces ...

Route (app)
┌ ƒ /
├ ○ /_not-found
├ ƒ /api/auth/login
├ ƒ /api/auth/logout
├ ƒ /api/auth/me
├ ƒ /api/calls
├ ƒ /api/contacts
├ ƒ /api/contacts/[id]
├ ƒ /api/contacts/import
├ ƒ /api/dev/simulate-inbound
├ ƒ /api/dialer/call
├ ƒ /api/dialer/call/[id]
├ ƒ /api/dialer/call/[id]/accept
├ ƒ /api/dialer/call/[id]/dtmf
├ ƒ /api/dialer/call/[id]/hangup
├ ƒ /api/dialer/call/[id]/outcome
├ ƒ /api/dialer/call/[id]/reject
├ ƒ /api/dialer/draft
├ ƒ /api/dialer/heartbeat
├ ƒ /api/dialer/next-lead
├ ƒ /api/dialer/recent
├ ƒ /api/dialer/session
├ ƒ /api/dialer/session/summary
├ ƒ /api/dialer/skip
├ ƒ /api/dialer/state
├ ƒ /api/dnc
├ ƒ /api/jobs/retention
├ ƒ /api/leads/[id]/transfer
├ ƒ /api/lists
├ ƒ /api/lists/[id]
├ ƒ /api/lists/[id]/agents
├ ƒ /api/lists/[id]/duplicate
├ ƒ /api/lists/[id]/leads
├ ƒ /api/lists/[id]/refresh
├ ƒ /api/manager/dashboard
├ ƒ /api/manager/live
├ ƒ /api/manager/monitor
├ ƒ /api/manager/monitor/[id]
├ ƒ /api/manager/pause
├ ƒ /api/phone-numbers
├ ƒ /api/phone-numbers/[id]
├ ƒ /api/recordings/[callId]
├ ƒ /api/scripts
├ ƒ /api/scripts/[id]
├ ƒ /api/settings
├ ƒ /api/settings/history
├ ƒ /api/tasks
├ ƒ /api/tasks/[id]
├ ƒ /api/telephony/status
├ ƒ /api/telephony/token
├ ƒ /api/users
├ ƒ /api/users/[id]
├ ƒ /api/webhooks/telnyx
├ ƒ /contacts
├ ƒ /contacts/[id]
├ ƒ /dialer
├ ƒ /lists
├ ƒ /lists/[id]
├ ○ /login
├ ƒ /manager
├ ƒ /manager/calls
├ ƒ /settings
└ ƒ /tasks


○  (Static)   prerendered as static content
ƒ  (Dynamic)  server-rendered on demand

