(node:64983) DeprecationWarning: Calling client.query() when the client is already executing a query is deprecated and will be removed in pg@9.0. Use async/await or an external async flow control mechanism instead.
(Use `node --trace-deprecation ...` to show where the warning was created)
PASS F1 Immediate hangup before agent answers reaches terminal state
PASS F2 Early agent webhook cannot be overwritten by dial response
prisma:error 
Invalid `tx.user.updateMany()` invocation in
<repo>/src/lib/telephony/events.ts:357:19

  354     data: { status: "locked", lockExpiresAt: new Date(Date.now() + (settings.wrapUpSeconds + settings.lockTtlSeconds) * 1000) },
  355   });
  356 }
→ 357 await tx.user.updateMany(
Database error. Code: `P0001`. Message: `injected finalization failure`
PASS F3 A failed finalization side effect is retried on event redelivery
PASS F4 Unknown dial timeout never redials beyond provider deduplication window
PASS F5 Business day boundaries are independent of server timezone and DST
[monitor] hangup supervisor leg failed Error: injected hangup failure
    at Object.import_mock.mockAdapter.hangupLeg (<repo>/scripts/qa-provider.ts:72:43)
    at stopMonitor (<repo>/src/lib/dialer/monitor.ts:139:23)
    at process.processTicksAndRejections (node:internal/process/task_queues:95:5)
    at async waitForActual (node:assert:533:5)
    at async Function.rejects (node:assert:654:25)
    at async <anonymous> (<repo>/scripts/qa-provider.ts:73:11)
    at async test (<repo>/scripts/qa-provider.ts:25:11)
    at async main (<repo>/scripts/qa-provider.ts:67:3)
FAIL F6 Failed supervisor hangup does not report a successful disconnect Missing expected rejection.
